###############################################################################
#
# IAR ELF Linker V8.30.1.114/W32 for ARM                  24/Dec/2020  13:56:43
# Copyright 2007-2018 IAR Systems AB.
#
#    Output file  =  
#        D:\JbufaProjects\lora_sn_allinone\lib\hc32l13x_ddl\example\gpio\gpio_deepsleep_wakeup\EWARM\output\release\Exe\gpio_deepsleep_wakeup.out
#    Map file     =  
#        D:\JbufaProjects\lora_sn_allinone\lib\hc32l13x_ddl\example\gpio\gpio_deepsleep_wakeup\EWARM\output\release\List\gpio_deepsleep_wakeup.map
#    Command line =  
#        -f C:\Users\ZHANGH~1\AppData\Local\Temp\EW8A74.tmp
#        (D:\JbufaProjects\lora_sn_allinone\lib\hc32l13x_ddl\example\gpio\gpio_deepsleep_wakeup\EWARM\output\release\Obj\ddl.o
#        D:\JbufaProjects\lora_sn_allinone\lib\hc32l13x_ddl\example\gpio\gpio_deepsleep_wakeup\EWARM\output\release\Obj\gpio.o
#        D:\JbufaProjects\lora_sn_allinone\lib\hc32l13x_ddl\example\gpio\gpio_deepsleep_wakeup\EWARM\output\release\Obj\interrupts_hc32l13x.o
#        D:\JbufaProjects\lora_sn_allinone\lib\hc32l13x_ddl\example\gpio\gpio_deepsleep_wakeup\EWARM\output\release\Obj\lpm.o
#        D:\JbufaProjects\lora_sn_allinone\lib\hc32l13x_ddl\example\gpio\gpio_deepsleep_wakeup\EWARM\output\release\Obj\main.o
#        D:\JbufaProjects\lora_sn_allinone\lib\hc32l13x_ddl\example\gpio\gpio_deepsleep_wakeup\EWARM\output\release\Obj\startup_hc32l13x.o
#        D:\JbufaProjects\lora_sn_allinone\lib\hc32l13x_ddl\example\gpio\gpio_deepsleep_wakeup\EWARM\output\release\Obj\sysctrl.o
#        D:\JbufaProjects\lora_sn_allinone\lib\hc32l13x_ddl\example\gpio\gpio_deepsleep_wakeup\EWARM\output\release\Obj\system_hc32l13x.o
#        --misrac2004=all,~1.1,~2.2,~5.1,~6.3-6.4,~8.1,~8.10,~10.1,~10.3,~11.3-11.4,~12.4,~12.6,~12.13,~14.3,~14.5-14.7,~16.1,~17.4,~18.4-19.1,~20.2,~20.12
#        --no_out_extension -o
#        D:\JbufaProjects\lora_sn_allinone\lib\hc32l13x_ddl\example\gpio\gpio_deepsleep_wakeup\EWARM\output\release\Exe\gpio_deepsleep_wakeup.out
#        --map
#        D:\JbufaProjects\lora_sn_allinone\lib\hc32l13x_ddl\example\gpio\gpio_deepsleep_wakeup\EWARM\output\release\List\gpio_deepsleep_wakeup.map
#        --config
#        D:\JbufaProjects\lora_sn_allinone\lib\hc32l13x_ddl\example\gpio\gpio_deepsleep_wakeup\EWARM\HC32L13X.icf
#        --semihosting --entry __iar_program_start --redirect
#        __write=__write_buffered --vfe --text_out locale)
#
###############################################################################

*******************************************************************************
*** RUNTIME MODEL ATTRIBUTES
***

CppFlavor       = *
__SystemLibrary = DLib
__dlib_version  = 6


*******************************************************************************
*** HEAP SELECTION
***

The basic heap was selected because no calls to memory allocation
functions were found in the application outside of system library
functions, and there are calls to deallocation functions in the
application.


*******************************************************************************
*** PLACEMENT SUMMARY
***

"A0":  place at 0x0 { ro section .intvec };
"P1":  place in [from 0x0 to 0xffff] { ro };
define block CSTACK with size = 512, alignment = 8 { };
define block HEAP with size = 512, alignment = 8 { };
"P2":  place in [from 0x2000'0000 to 0x2000'1fff] {
          rw, block CSTACK, block HEAP };
initialize by copy { rw };

  Section            Kind         Address   Size  Object
  -------            ----         -------   ----  ------
"A0":                                       0xc0
  .intvec            ro code          0x0   0xc0  startup_hc32l13x.o [1]
                                   - 0xc0   0xc0

"P1":                                      0x73c
  .text              ro code         0xc0  0x194  interrupts_hc32l13x.o [1]
  .text              ro code        0x254  0x154  main.o [1]
  .text              ro code        0x3a8   0x74  ddl.o [1]
  .text              ro code        0x41c   0xfc  gpio.o [1]
  .text              ro code        0x518   0x20  lpm.o [1]
  .text              ro code        0x538  0x13c  sysctrl.o [1]
  .text              ro code        0x674   0x36  I32DivMod.o [3]
  .text              ro code        0x6aa    0x2  startup_hc32l13x.o [1]
  .text              ro code        0x6ac    0x2  IntDivZer.o [3]
  .text              ro code        0x6ae    0x2  startup_hc32l13x.o [1]
  .text              ro code        0x6b0   0x5e  system_hc32l13x.o [1]
  .text              ro code        0x70e    0x2  startup_hc32l13x.o [1]
  .text              ro code        0x710   0x28  data_init.o [3]
  .text              ro code        0x738   0x30  copy_init3.o [3]
  .text              ro code        0x768   0x28  startup_hc32l13x.o [1]
  .iar.init_table    const          0x790   0x14  - Linker created -
  .text              ro code        0x7a4   0x1e  cmain.o [3]
  .text              ro code        0x7c2    0x8  exit.o [2]
  .text              ro code        0x7cc    0xa  cexit.o [3]
  .text              ro code        0x7d8   0x14  exit.o [4]
  .text              ro code        0x7ec    0xc  cstartup_M.o [3]
  Initializer bytes  const          0x7f8    0x4  <for P2-1>
  .rodata            const          0x7fc    0x0  copy_init3.o [3]
                                  - 0x7fc  0x73c

"P2", part 1 of 2:                           0x4
  P2-1                        0x2000'0000    0x4  <Init block>
    .data            inited   0x2000'0000    0x4  system_hc32l13x.o [1]
                            - 0x2000'0004    0x4

"P2", part 2 of 2:                         0x200
  CSTACK                      0x2000'0008  0x200  <Block>
    CSTACK           uninit   0x2000'0008  0x200  <Block tail>
                            - 0x2000'0208  0x200

Unused ranges:

         From           To    Size
         ----           --    ----
        0x7fc       0xffff  0xf804
  0x2000'0004  0x2000'0007     0x4
  0x2000'0208  0x2000'1fff  0x1df8


*******************************************************************************
*** INIT TABLE
***

          Address      Size
          -------      ----
Copy (__iar_copy_init3)
    1 source range, total size 0x4:
                0x7f8   0x4
    1 destination range, total size 0x4:
          0x2000'0000   0x4



*******************************************************************************
*** MODULE SUMMARY
***

    Module                 ro code  ro data  rw data
    ------                 -------  -------  -------
command line/config:
    ------------------------------------------------
    Total:

D:\JbufaProjects\lora_sn_allinone\lib\hc32l13x_ddl\example\gpio\gpio_deepsleep_wakeup\EWARM\output\release\Obj: [1]
    ddl.o                      116
    gpio.o                     252
    interrupts_hc32l13x.o      404
    lpm.o                       32
    main.o                     340
    startup_hc32l13x.o         238
    sysctrl.o                  316
    system_hc32l13x.o           94        4        4
    ------------------------------------------------
    Total:                   1 792        4        4

dl6M_tlf.a: [2]
    exit.o                       8
    ------------------------------------------------
    Total:                       8

rt6M_tl.a: [3]
    I32DivMod.o                 54
    IntDivZer.o                  2
    cexit.o                     10
    cmain.o                     30
    copy_init3.o                48
    cstartup_M.o                12
    data_init.o                 40
    ------------------------------------------------
    Total:                     196

shb_l.a: [4]
    exit.o                      20
    ------------------------------------------------
    Total:                      20

    Gaps                         4
    Linker created                       20      512
----------------------------------------------------
    Grand Total:             2 020       24      516


*******************************************************************************
*** ENTRY LIST
***

Entry                       Address  Size  Type      Object
-----                       -------  ----  ----      ------
.iar.init_table$$Base         0x790         --   Gb  - Linker created -
.iar.init_table$$Limit        0x7a4         --   Gb  - Linker created -
?main                         0x7a5        Code  Gb  cmain.o [3]
ADC_IRQHandler                0x211   0x8  Code  Gb  interrupts_hc32l13x.o [1]
App_LedInit                   0x381  0x28  Code  Lc  main.o [1]
App_LowPowerModeGpioSet
                              0x2cd  0x4c  Code  Lc  main.o [1]
App_UserKeyInit               0x355  0x2c  Code  Lc  main.o [1]
CLKTRIM_IRQHandler            0x24d   0x8  Code  Gb  interrupts_hc32l13x.o [1]
CSTACK$$Base            0x2000'0008         --   Gb  - Linker created -
CSTACK$$Limit           0x2000'0208         --   Gb  - Linker created -
DMAC_IRQHandler               0x171   0x8  Code  Gb  interrupts_hc32l13x.o [1]
EnableNvic                     0xc1  0x64  Code  Gb  interrupts_hc32l13x.o [1]
FLASH_RAM_IRQHandler          0x241   0xc  Code  Gb  interrupts_hc32l13x.o [1]
GetBit                        0x413   0xa  Code  Gb  ddl.o [1]
Gpio_ClearIrq                 0x4d5   0x8  Code  Gb  gpio.o [1]
Gpio_ClrIO                    0x4af   0x8  Code  Gb  gpio.o [1]
Gpio_EnableIrq                0x4b7   0x8  Code  Gb  gpio.o [1]
Gpio_GetInputIO               0x491   0x6  Code  Gb  gpio.o [1]
Gpio_GetIrqStatus             0x4cf   0x6  Code  Gb  gpio.o [1]
Gpio_Init                     0x41d  0x74  Code  Gb  gpio.o [1]
Gpio_SetIO                    0x49f   0x6  Code  Gb  gpio.o [1]
HardFault_Handler             0x139  0x10  Code  Gb  interrupts_hc32l13x.o [1]
I2C0_IRQHandler               0x1b1   0x8  Code  Gb  interrupts_hc32l13x.o [1]
I2C1_IRQHandler               0x1b9   0x8  Code  Gb  interrupts_hc32l13x.o [1]
LCD_IRQHandler                0x239   0x8  Code  Gb  interrupts_hc32l13x.o [1]
LPTIM_IRQHandler              0x1d9   0x8  Code  Gb  interrupts_hc32l13x.o [1]
LPUART0_IRQHandler            0x191   0x8  Code  Gb  interrupts_hc32l13x.o [1]
LPUART1_IRQHandler            0x199   0x8  Code  Gb  interrupts_hc32l13x.o [1]
LVD_IRQHandler                0x231   0x8  Code  Gb  interrupts_hc32l13x.o [1]
Lpm_GotoDeepSleep             0x519   0xc  Code  Gb  lpm.o [1]
PCA_IRQHandler                0x1f9   0x8  Code  Gb  interrupts_hc32l13x.o [1]
PCNT_IRQHandler               0x219   0x8  Code  Gb  interrupts_hc32l13x.o [1]
PORTA_IRQHandler              0x151   0x8  Code  Gb  interrupts_hc32l13x.o [1]
PORTB_IRQHandler              0x159   0x8  Code  Gb  interrupts_hc32l13x.o [1]
PORTC_IRQHandler              0x161   0x8  Code  Gb  interrupts_hc32l13x.o [1]
PORTD_IRQHandler              0x169   0x8  Code  Gb  interrupts_hc32l13x.o [1]
PortD_IRQHandler              0x28b  0x30  Code  Gb  main.o [1]
RTC_IRQHandler                0x209   0x8  Code  Gb  interrupts_hc32l13x.o [1]
Region$$Table$$Base           0x790         --   Gb  - Linker created -
Region$$Table$$Limit          0x7a4         --   Gb  - Linker created -
SPI0_IRQHandler               0x1a1   0x8  Code  Gb  interrupts_hc32l13x.o [1]
SPI1_IRQHandler               0x1a9   0x8  Code  Gb  interrupts_hc32l13x.o [1]
SetBit                        0x3fd  0x16  Code  Gb  ddl.o [1]
SysTick_Handler               0x149   0x8  Code  Gb  interrupts_hc32l13x.o [1]
Sysctrl_GetHClkFreq           0x539  0xde  Code  Gb  sysctrl.o [1]
Sysctrl_SetFunc               0x643  0x12  Code  Gb  sysctrl.o [1]
Sysctrl_SetPeripheralGate
                              0x639   0xa  Code  Gb  sysctrl.o [1]
SystemCoreClock         0x2000'0000   0x4  Data  Gb  system_hc32l13x.o [1]
SystemInit                    0x6b1  0x3e  Code  Gb  system_hc32l13x.o [1]
TIM0_IRQHandler               0x1c1   0x8  Code  Gb  interrupts_hc32l13x.o [1]
TIM1_IRQHandler               0x1c9   0x8  Code  Gb  interrupts_hc32l13x.o [1]
TIM2_IRQHandler               0x1d1   0x8  Code  Gb  interrupts_hc32l13x.o [1]
TIM3_IRQHandler               0x179   0x8  Code  Gb  interrupts_hc32l13x.o [1]
TIM4_IRQHandler               0x1e1   0x8  Code  Gb  interrupts_hc32l13x.o [1]
TIM5_IRQHandler               0x1e9   0x8  Code  Gb  interrupts_hc32l13x.o [1]
TIM6_IRQHandler               0x1f1   0x8  Code  Gb  interrupts_hc32l13x.o [1]
UART0_IRQHandler              0x181   0x8  Code  Gb  interrupts_hc32l13x.o [1]
UART1_IRQHandler              0x189   0x8  Code  Gb  interrupts_hc32l13x.o [1]
VC0_IRQHandler                0x221   0x8  Code  Gb  interrupts_hc32l13x.o [1]
VC1_IRQHandler                0x229   0x8  Code  Gb  interrupts_hc32l13x.o [1]
WDT_IRQHandler                0x201   0x8  Code  Gb  interrupts_hc32l13x.o [1]
_UserKeyWait                  0x2bb  0x12  Code  Lc  main.o [1]
__aeabi_idiv0                 0x6ad        Code  Gb  IntDivZer.o [3]
__cmain                       0x7a5        Code  Gb  cmain.o [3]
__exit                        0x7d9  0x14  Code  Gb  exit.o [4]
__iar_copy_init3              0x739  0x30  Code  Gb  copy_init3.o [3]
__iar_data_init3              0x711  0x28  Code  Gb  data_init.o [3]
__iar_program_start           0x7ed        Code  Gb  cstartup_M.o [3]
__iar_small_uidiv             0x675        Code  Gb  I32DivMod.o [3]
__iar_small_uidivmod          0x675        Code  Gb  I32DivMod.o [3]
__low_level_init              0x6fd  0x12  Code  Gb  system_hc32l13x.o [1]
__vector_table                  0x0        Data  Gb  startup_hc32l13x.o [1]
_call_main                    0x7b1        Code  Gb  cmain.o [3]
_exit                         0x7cd        Code  Gb  cexit.o [3]
_main                         0x7bf        Code  Gb  cmain.o [3]
delay1ms                      0x3a9  0x3c  Code  Gb  ddl.o [1]
exit                          0x7c3   0x8  Code  Gb  exit.o [2]
main                          0x255  0x36  Code  Gb  main.o [1]


[1] = D:\JbufaProjects\lora_sn_allinone\lib\hc32l13x_ddl\example\gpio\gpio_deepsleep_wakeup\EWARM\output\release\Obj
[2] = dl6M_tlf.a
[3] = rt6M_tl.a
[4] = shb_l.a

  2 020 bytes of readonly  code memory
     24 bytes of readonly  data memory
    516 bytes of readwrite data memory

Errors: none
Warnings: none
